
> frontend@0.0.0 build
> vite build

[36mvite v7.1.5 [32mbuilding for production...[36m[39m
transforming...
[32mΓ£ô[39m 2202 modules transformed.
node.exe : [31mΓ£ù[39m Build failed in 3.59s
At D:\Program Files\nodejs\npm.ps1:29 char:3
+   & $NODE_EXE $NPM_CLI_JS $args
+   ~~~~~~~~~~~~~~~~~~~~~~~~~~~~~
    + CategoryInfo          : NotSpecified: ([31mΓ£ù[39m Build failed in 3.59s:String) [], RemoteException
    + FullyQualifiedErrorId : NativeCommandError
 
[31merror during build:
[31m[vite:load-fallback] Could not load D:\PodWebDeploy\frontend\src/components/ui/alert (imported by src/components/dashboard/ResetConfirmDialog.jsx): 
ENOENT: no such file or directory, open 'D:\PodWebDeploy\frontend\src\components\ui\alert'[31m
    at async open (node:internal/fs/promises:633:25)
    at async Object.readFile (node:internal/fs/promises:1237:14)
    at async Object.handler (file:///D:/PodWebDeploy/frontend/node_modules/vite/dist/node/chunks/dep-M_KD0XSK.js:33969:21)
    at async PluginDriver.hookFirstAndGetPlugin (file:///D:/PodWebDeploy/frontend/node_modules/rollup/dist/es/shared/node-entry.js:22282:28)
    at async file:///D:/PodWebDeploy/frontend/node_modules/rollup/dist/es/shared/node-entry.js:21282:33
    at async Queue.work (file:///D:/PodWebDeploy/frontend/node_modules/rollup/dist/es/shared/node-entry.js:22510:32)[39m
