============================= test session starts =============================
platform win32 -- Python 3.12.1, pytest-9.0.1, pluggy-1.6.0 -- C:\Users\windo\OneDrive\PodWebDeploy\.venv\Scripts\python.exe
cachedir: .pytest_cache
rootdir: C:\Users\windo\OneDrive\PodWebDeploy
configfile: pytest.ini
testpaths: tests, backend/api/tests
plugins: anyio-4.11.0, requests-mock-1.12.1
collecting ... collected 159 items

tests/api/services/episodes/test_assembler_inline.py::test_inline_executor_available_without_celery SKIPPED [  0%]
tests/api/services/episodes/test_publisher_inline_fallback.py::test_inline_fallback_skips_async[1] PASSED [  1%]
tests/api/services/episodes/test_publisher_inline_fallback.py::test_inline_fallback_skips_async[true] PASSED [  1%]
tests/api/services/episodes/test_publisher_inline_fallback.py::test_inline_fallback_skips_async[TRUE] PASSED [  2%]
tests/api/services/episodes/test_publisher_inline_fallback.py::test_inline_fallback_skips_async[yes] PASSED [  3%]
tests/api/services/episodes/test_publisher_inline_fallback.py::test_inline_fallback_skips_async[on] PASSED [  3%]
tests/api/services/episodes/test_publisher_worker_import.py::test_missing_publish_task_is_reported PASSED [  4%]
tests/test_admin_settings.py::test_admin_settings_persist_browser_flag SKIPPED [  5%]
tests/test_admin_settings.py::test_public_config_includes_browser_flag SKIPPED [  5%]
tests/test_ai_metadata_hardening.py::test_ai_metadata_sanitizes_filename_noise PASSED [  6%]
tests/test_ai_metadata_sanitization.py::test_ai_metadata_removes_hashes_and_audio_boilerplate PASSED [  6%]
tests/test_ai_metadata_sanitize.py::test_old_ai_metadata_sanitizes_hex_and_audio_junk PASSED [  7%]
tests/test_ai_notes.py::test_notes_parsing_and_nonempty_description PASSED [  8%]
tests/test_ai_tags.py::test_tags_postprocess_constraints PASSED          [  8%]
tests/test_ai_title.py::test_title_series_prefix_detection PASSED        [  9%]
tests/test_assemblyai_client.py::test_upload_audio_success PASSED        [ 10%]
tests/test_assemblyai_client.py::test_upload_audio_failure PASSED        [ 10%]
tests/test_assemblyai_client.py::test_start_transcription_success PASSED [ 11%]
tests/test_assemblyai_client.py::test_start_transcription_failure PASSED [ 11%]
tests/test_assemblyai_client.py::test_get_transcription_success PASSED   [ 12%]
tests/test_assemblyai_client.py::test_get_transcription_failure PASSED   [ 13%]
tests/test_censor_feature.py::TestCensorNormalization::test_apply_censor_handles_trailing_exclamation_without_fuzzy PASSED [ 13%]
tests/test_censor_feature.py::TestCensorNormalization::test_trailing_exclamation_normalizes PASSED [ 14%]
tests/test_cleanup_main_content.py::test_cleanup_main_content_removes_file_and_record SKIPPED [ 15%]
tests/test_cleanup_main_content.py::test_cleanup_main_content_handles_gcs_uri SKIPPED [ 15%]
tests/test_cleanup_mix_only.py::test_primary_cleanup_returns_real_audio_for_mix_only PASSED [ 16%]
tests/test_csp_allowlist.py::test_csp_allows_core_sources SKIPPED (S...) [ 16%]
tests/test_engine_fillers_pipeline.py::TestPipelineFillers::test_minimal_pipeline_shifts_world PASSED [ 17%]
tests/test_engine_silence_pipeline.py::TestSilencePipeline::test_trim_long_pause_and_shift PASSED [ 18%]
tests/test_episodes_optional_router.py::test_episodes_router_survives_optional_import_failure SKIPPED [ 18%]
tests/test_filler_pipeline.py::TestFillerPipeline::test_compute_and_blank PASSED [ 19%]
tests/test_filler_pipeline.py::TestFillerPipeline::test_remove_fillers_wrapper PASSED [ 20%]
tests/test_fillers.py::TestBuildFillerCuts::test_adjacent_fillers_merge_and_ms_units PASSED [ 20%]
tests/test_flubber_pipeline.py::TestFlubberPipeline::test_normalize_merge_and_apply_and_retime PASSED [ 21%]
tests/test_health_deep.py::test_health_deep_ok SKIPPED (SQLite-based...) [ 22%]
tests/test_health_deep.py::test_health_deep_broker_fail SKIPPED (SQL...) [ 22%]
tests/test_health_deep.py::test_health_deep_storage_fail SKIPPED (SQ...) [ 23%]
tests/test_intent_transcript_discovery.py::test_discover_transcript_json_path_handles_sanitized_hint PASSED [ 23%]
tests/test_intent_transcript_discovery.py::test_discover_transcript_json_path_downloads_from_bucket PASSED [ 24%]
tests/test_intent_transcript_discovery.py::test_discover_transcript_json_path_uses_remote_meta_url PASSED [ 25%]
tests/test_intern_pipeline.py::TestInternPipeline::test_sfx_markers_and_annotation PASSED [ 25%]
tests/test_logging_redaction.py::test_logging_redaction FAILED           [ 26%]

================================== FAILURES ===================================
___________________________ test_logging_redaction ____________________________

caplog = <_pytest.logging.LogCaptureFixture object at 0x000001DD9AE516A0>

    def test_logging_redaction(caplog):
        configure_logging()
        logger = get_logger('test.redaction')
        secret_email = 'user@example.com'
        token = 'Bearer abcdef1234567890TOKENSTRING'
        api_key = 'sk_1234567890abcdefABCDEF'
    
        with caplog.at_level(logging.INFO):
            logger.info('Testing email=%s token=%s key=%s', secret_email, token, api_key)
    
        joined = '\n'.join(caplog.messages)
        # Ensure raw secrets are not present
        assert secret_email not in joined
        assert token not in joined
        assert api_key not in joined
    
        # Ensure redaction markers appear
        assert '<redacted-email>' in joined
>       assert '<redacted-secret>' in joined
E       AssertionError: assert '<redacted-secret>' in 'Testing email=<redacted-email> token=*** key=***'

C:\Users\windo\OneDrive\PodWebDeploy\tests\test_logging_redaction.py:28: AssertionError
---------------------------- Captured stdout call -----------------------------
[2025-12-08 12:33:58,123] INFO test.redaction: Testing email=<redacted-email> token=*** key=***
[2025-12-08 12:33:58,123] INFO test.redaction: Testing email=<redacted-email> token=*** key=***
[2025-12-08 12:33:58,123] INFO test.redaction: Testing email=<redacted-email> token=*** key=***
------------------------------ Captured log call ------------------------------
INFO     test.redaction:test_logging_redaction.py:18 Testing email=<redacted-email> token=*** key=***
============================== warnings summary ===============================
backend\api\routers\admin\feedback.py:196
  C:\Users\windo\OneDrive\PodWebDeploy\backend\api\routers\admin\feedback.py:196: DeprecationWarning: `regex` has been deprecated, please use `pattern` instead
    status: str = Query(..., regex="^(new|acknowledged|investigating|resolved)$"),

backend\api\config\startup.py:88
backend\api\config\startup.py:88
  C:\Users\windo\OneDrive\PodWebDeploy\backend\api\config\startup.py:88: DeprecationWarning: 
          on_event is deprecated, use lifespan event handlers instead.
  
          Read more about it in the
          [FastAPI docs for Lifespan Events](https://fastapi.tiangolo.com/advanced/events/).
          
    @app.on_event("startup")

.venv\Lib\site-packages\fastapi\applications.py:4495
.venv\Lib\site-packages\fastapi\applications.py:4495
  C:\Users\windo\OneDrive\PodWebDeploy\.venv\Lib\site-packages\fastapi\applications.py:4495: DeprecationWarning: 
          on_event is deprecated, use lifespan event handlers instead.
  
          Read more about it in the
          [FastAPI docs for Lifespan Events](https://fastapi.tiangolo.com/advanced/events/).
          
    return self.router.on_event(event_type)

tests/test_ai_metadata_hardening.py::test_ai_metadata_sanitizes_filename_noise
  C:\Users\windo\OneDrive\PodWebDeploy\tests\test_ai_metadata_hardening.py:22: DeprecationWarning: There is no current event loop
    resp = asyncio.get_event_loop().run_until_complete(coro(req, None))  # type: ignore

-- Docs: https://docs.pytest.org/en/stable/how-to/capture-warnings.html
=========================== short test summary info ===========================
FAILED tests/test_logging_redaction.py::test_logging_redaction - AssertionErr...
!!!!!!!!!!!!!!!!!!!!!!!!!! stopping after 1 failures !!!!!!!!!!!!!!!!!!!!!!!!!!
============ 1 failed, 31 passed, 10 skipped, 6 warnings in 5.93s =============
